obodo@LAPTOP-NQ278F3C MINGW64 ~
$ git config --global user.email "obodos@aol.com"

obodo@LAPTOP-NQ278F3C MINGW64 ~
$ git config --global user.name "obodos"

obodo@LAPTOP-NQ278F3C MINGW64 ~
$ cd C:\LEO\Workspace\luna-workfiles\VirtualPairProgramming\DevOps\GitYoutube
bash: cd: C:LEOWorkspaceluna-workfilesVirtualPairProgrammingDevOpsGitYoutube: No                                                                                                                                   such file or directory

obodo@LAPTOP-NQ278F3C MINGW64 ~
$ cd C:/LEO/Workspace/luna-workfiles/VirtualPairProgramming/DevOps/GitYoutub
bash: cd: C:/LEO/Workspace/luna-workfiles/VirtualPairProgramming/DevOps/GitYoutu                                                                                                                                  b: No such file or directory

obodo@LAPTOP-NQ278F3C MINGW64 ~
$ cd C:/LEO/Workspace/luna-workfiles/VirtualPairProgramming/DevOps/GitYoutube

obodo@LAPTOP-NQ278F3C MINGW64 /c/LEO/Workspace/luna-workfiles/VirtualPairProgram                                                                                                                                  ming/DevOps/GitYoutube
$ git init
Initialized empty Git repository in C:/LEO/Workspace/luna-workfiles/VirtualPairP                                                                                                                                  rogramming/DevOps/GitYoutube/.git/

obodo@LAPTOP-NQ278F3C MINGW64 /c/LEO/Workspace/luna-workfiles/VirtualPairProgram                                                                                                                                  ming/DevOps/GitYoutube (master)
$ git status
On branch master

Initial commit

nothing to commit (create/copy files and use "git add" to track)

obodo@LAPTOP-NQ278F3C MINGW64 /c/LEO/Workspace/luna-workfiles/VirtualPairProgram                                                                                                                                  ming/DevOps/GitYoutube (master)
$ touch text1,txt

obodo@LAPTOP-NQ278F3C MINGW64 /c/LEO/Workspace/luna-workfiles/VirtualPairProgram                                                                                                                                  ming/DevOps/GitYoutube (master)
$ git status
On branch master

Initial commit

Untracked files:
  (use "git add <file>..." to include in what will be committed)

        text1,txt

nothing added to commit but untracked files present (use "git add" to track)

obodo@LAPTOP-NQ278F3C MINGW64 /c/LEO/Workspace/luna-workfiles/VirtualPairProgram                                                                                                                                  ming/DevOps/GitYoutube (master)
$ git rm
usage: git rm [<options>] [--] <file>...

    -n, --dry-run         dry run
    -q, --quiet           do not list removed files
    --cached              only remove from the index
    -f, --force           override the up-to-date check
    -r                    allow recursive removal
    --ignore-unmatch      exit with a zero status even if nothing matched


obodo@LAPTOP-NQ278F3C MINGW64 /c/LEO/Workspace/luna-workfiles/VirtualPairProgram                                                                                                                                  ming/DevOps/GitYoutube (master)
$ git rm --cached
usage: git rm [<options>] [--] <file>...

    -n, --dry-run         dry run
    -q, --quiet           do not list removed files
    --cached              only remove from the index
    -f, --force           override the up-to-date check
    -r                    allow recursive removal
    --ignore-unmatch      exit with a zero status even if nothing matched


obodo@LAPTOP-NQ278F3C MINGW64 /c/LEO/Workspace/luna-workfiles/VirtualPairProgram                                                                                                                                  ming/DevOps/GitYoutube (master)
$ git rm --cached text,txt
fatal: pathspec 'text,txt' did not match any files

obodo@LAPTOP-NQ278F3C MINGW64 /c/LEO/Workspace/luna-workfiles/VirtualPairProgram                                                                                                                                  ming/DevOps/GitYoutube (master)
$ git rm --cached text1,txt
fatal: pathspec 'text1,txt' did not match any files

obodo@LAPTOP-NQ278F3C MINGW64 /c/LEO/Workspace/luna-workfiles/VirtualPairProgram                                                                                                                                  ming/DevOps/GitYoutube (master)
$ git rm  text1,txt
fatal: pathspec 'text1,txt' did not match any files

obodo@LAPTOP-NQ278F3C MINGW64 /c/LEO/Workspace/luna-workfiles/VirtualPairProgram                                                                                                                                  ming/DevOps/GitYoutube (master)
$ touch text2.txt

obodo@LAPTOP-NQ278F3C MINGW64 /c/LEO/Workspace/luna-workfiles/VirtualPairProgram                                                                                                                                  ming/DevOps/GitYoutube (master)
$ git touch index.html
git: 'touch' is not a git command. See 'git --help'.

obodo@LAPTOP-NQ278F3C MINGW64 /c/LEO/Workspace/luna-workfiles/VirtualPairProgram                                                                                                                                  ming/DevOps/GitYoutube (master)
$ touch index.html

obodo@LAPTOP-NQ278F3C MINGW64 /c/LEO/Workspace/luna-workfiles/VirtualPairProgram                                                                                                                                  ming/DevOps/GitYoutube (master)
$ git add .

obodo@LAPTOP-NQ278F3C MINGW64 /c/LEO/Workspace/luna-workfiles/VirtualPairProgram                                                                                                                                  ming/DevOps/GitYoutube (master)
$ git status
On branch master

Initial commit

Changes to be committed:
  (use "git rm --cached <file>..." to unstage)

        new file:   index.html
        new file:   text2.txt


obodo@LAPTOP-NQ278F3C MINGW64 /c/LEO/Workspace/luna-workfiles/VirtualPairProgram                                                                                                                                  ming/DevOps/GitYoutube (master)
$ git commit -m "Add new files"
[master (root-commit) d634f13] Add new files
 2 files changed, 0 insertions(+), 0 deletions(-)
 create mode 100644 index.html
 create mode 100644 text2.txt

obodo@LAPTOP-NQ278F3C MINGW64 /c/LEO/Workspace/luna-workfiles/VirtualPairProgram                                                                                                                                  ming/DevOps/GitYoutube (master)
$ git remote add origin https://github.com/obodos/Repo1.git

obodo@LAPTOP-NQ278F3C MINGW64 /c/LEO/Workspace/luna-workfiles/VirtualPairProgramming/DevOps/GitYoutube (master)
$

obodo@LAPTOP-NQ278F3C MINGW64 /c/LEO/Workspace/luna-workfiles/VirtualPairProgram                                                                                                                                  ming/DevOps/GitYoutube (master)
$ git push -u origin master
Counting objects: 3, done.
Delta compression using up to 4 threads.
Compressing objects: 100% (2/2), done.
Writing objects: 100% (3/3), 220 bytes | 0 bytes/s, done.
Total 3 (delta 0), reused 0 (delta 0)
To https://github.com/obodos/Repo1.git
 * [new branch]      master -> master
Branch master set up to track remote branch master from origin.

obodo@LAPTOP-NQ278F3C MINGW64 /c/LEO/Workspace/luna-workfiles/VirtualPairProgram                                                                                                                                  ming/DevOps/GitYoutube (master)
$ git log
commit d634f130fb9eba1e42c1ea2fe4075c90487d335f
Author: obodos <obodos@aol.com>
Date:   Sun Mar 12 03:10:44 2017 +0000

    Add new files

obodo@LAPTOP-NQ278F3C MINGW64 /c/LEO/Workspace/luna-workfiles/VirtualPairProgram                                                                                                                                  ming/DevOps/GitYoutube (master)
$ git status
On branch master
Your branch is up-to-date with 'origin/master'.
nothing to commit, working tree clean

obodo@LAPTOP-NQ278F3C MINGW64 /c/LEO/Workspace/luna-workfiles/VirtualPairProgram                                                                                                                                  ming/DevOps/GitYoutube (master)
$ git branch myNewBranch

obodo@LAPTOP-NQ278F3C MINGW64 /c/LEO/Workspace/luna-workfiles/VirtualPairProgram                                                                                                                                  ming/DevOps/GitYoutube (master)
$ git checkout MyNewBranch
Switched to branch 'MyNewBranch'

obodo@LAPTOP-NQ278F3C MINGW64 /c/LEO/Workspace/luna-workfiles/VirtualPairProgram                                                                                                                                  ming/DevOps/GitYoutube (MyNewBranch)
$ pwd
/c/LEO/Workspace/luna-workfiles/VirtualPairProgramming/DevOps/GitYoutube

obodo@LAPTOP-NQ278F3C MINGW64 /c/LEO/Workspace/luna-workfiles/VirtualPairProgram                                                                                                                                  ming/DevOps/GitYoutube (MyNewBranch)
$ git status
On branch MyNewBranch
nothing to commit, working tree clean

obodo@LAPTOP-NQ278F3C MINGW64 /c/LEO/Workspace/luna-workfiles/VirtualPairProgram                                                                                                                                  ming/DevOps/GitYoutube (MyNewBranch)
$ touch test3.txt

obodo@LAPTOP-NQ278F3C MINGW64 /c/LEO/Workspace/luna-workfiles/VirtualPairProgram                                                                                                                                  ming/DevOps/GitYoutube (MyNewBranch)
$ git add
Nothing specified, nothing added.
Maybe you wanted to say 'git add .'?

obodo@LAPTOP-NQ278F3C MINGW64 /c/LEO/Workspace/luna-workfiles/VirtualPairProgram                                                                                                                                  ming/DevOps/GitYoutube (MyNewBranch)
$ git add ,
fatal: pathspec ',' did not match any files

obodo@LAPTOP-NQ278F3C MINGW64 /c/LEO/Workspace/luna-workfiles/VirtualPairProgram                                                                                                                                  ming/DevOps/GitYoutube (MyNewBranch)
$ git add ,
fatal: pathspec ',' did not match any files

obodo@LAPTOP-NQ278F3C MINGW64 /c/LEO/Workspace/luna-workfiles/VirtualPairProgram                                                                                                                                  ming/DevOps/GitYoutube (MyNewBranch)
$ git add .

obodo@LAPTOP-NQ278F3C MINGW64 /c/LEO/Workspace/luna-workfiles/VirtualPairProgram                                                                                                                                  ming/DevOps/GitYoutube (MyNewBranch)
$ git status
On branch MyNewBranch
Changes to be committed:
  (use "git reset HEAD <file>..." to unstage)

        new file:   test3.txt


obodo@LAPTOP-NQ278F3C MINGW64 /c/LEO/Workspace/luna-workfiles/VirtualPairProgram                                                                                                                                  ming/DevOps/GitYoutube (MyNewBranch)
$ git commit -m "added text3"
[MyNewBranch a260cb8] added text3
 1 file changed, 0 insertions(+), 0 deletions(-)
 create mode 100644 test3.txt

obodo@LAPTOP-NQ278F3C MINGW64 /c/LEO/Workspace/luna-workfiles/VirtualPairProgram                                                                                                                                  ming/DevOps/GitYoutube (MyNewBranch)
$ git push -u origin MyNewBranch
Counting objects: 2, done.
Delta compression using up to 4 threads.
Compressing objects: 100% (2/2), done.
Writing objects: 100% (2/2), 242 bytes | 0 bytes/s, done.
Total 2 (delta 0), reused 0 (delta 0)
To https://github.com/obodos/Repo1.git
 * [new branch]      MyNewBranch -> MyNewBranch
Branch MyNewBranch set up to track remote branch MyNewBranch from origin.

obodo@LAPTOP-NQ278F3C MINGW64 /c/LEO/Workspace/luna-workfiles/VirtualPairProgram                                                                                                                                  ming/DevOps/GitYoutube (MyNewBranch)
$ git checkout master
Switched to branch 'master'
Your branch is up-to-date with 'origin/master'.

obodo@LAPTOP-NQ278F3C MINGW64 /c/LEO/Workspace/luna-workfiles/VirtualPairProgram                                                                                                                                  ming/DevOps/GitYoutube (master)
$ git merge MyNewBranch
Updating d634f13..a260cb8
Fast-forward
 test3.txt | 0
 1 file changed, 0 insertions(+), 0 deletions(-)
 create mode 100644 test3.txt

obodo@LAPTOP-NQ278F3C MINGW64 /c/LEO/Workspace/luna-workfiles/VirtualPairProgram                                                                                                                                  ming/DevOps/GitYoutube (master)
$ git push -u origin master
Total 0 (delta 0), reused 0 (delta 0)
To https://github.com/obodos/Repo1.git
   d634f13..a260cb8  master -> master
Branch master set up to track remote branch master from origin.

obodo@LAPTOP-NQ278F3C MINGW64 /c/LEO/Workspace/luna-workfiles/VirtualPairProgram                                                                                                                                  ming/DevOps/GitYoutube (master)
$ git branch -d MyNewBranch
Deleted branch MyNewBranch (was a260cb8).

obodo@LAPTOP-NQ278F3C MINGW64 /c/LEO/Workspace/luna-workfiles/VirtualPairProgram                                                                                                                                  ming/DevOps/GitYoutube (master)
$ git push origin --delete MyNewBranch
To https://github.com/obodos/Repo1.git
 - [deleted]         MyNewBranch

obodo@LAPTOP-NQ278F3C MINGW64 /c/LEO/Workspace/luna-workfiles/VirtualPairProgram                                                                                                                                  ming/DevOps/GitYoutube (master)
$
